Created by PLY version 3.11 (http://www.dabeaz.com/ply)

Grammar

Rule 0     S' -> SQLselect
Rule 1     SQLselect -> SELECT_T COLUMN_FUNCTION_NAME FROM_T COLUMN_FUNCTION_NAME SEMICOLON
Rule 2     SQLselect -> SELECT_T TIMES FROM_T COLUMN_FUNCTION_NAME SEMICOLON
Rule 3     SQLselect -> SELECT_T function FROM_T COLUMN_FUNCTION_NAME SEMICOLON
Rule 4     SQLselect -> SELECT_T COLUMN_FUNCTION_NAME FROM_T COLUMN_FUNCTION_NAME WHERE_T condition SEMICOLON
Rule 5     SQLselect -> SELECT_T TIMES FROM_T COLUMN_FUNCTION_NAME WHERE_T condition SEMICOLON
Rule 6     SQLselect -> SELECT_T function FROM_T COLUMN_FUNCTION_NAME WHERE_T condition SEMICOLON
Rule 7     SQLselect -> SELECT_T columnlist FROM_T COLUMN_FUNCTION_NAME SEMICOLON
Rule 8     SQLselect -> SELECT_T columnlist FROM_T COLUMN_FUNCTION_NAME WHERE_T condition SEMICOLON
Rule 9     condition -> COLUMN_FUNCTION_NAME EQUALITY expression
Rule 10    condition -> COLUMN_FUNCTION_NAME LESS_THAN expression
Rule 11    condition -> COLUMN_FUNCTION_NAME GREATER_THAN expression
Rule 12    expression -> expression PLUS expression
Rule 13    expression -> expression MINUS expression
Rule 14    expression -> expression TIMES expression
Rule 15    expression -> expression DIVIDE expression
Rule 16    expression -> expression AND expression
Rule 17    expression -> expression OR expression
Rule 18    expression -> NOT expression
Rule 19    expression -> NUMBER
Rule 20    function -> COLUMN_FUNCTION_NAME OPEN_B COLUMN_FUNCTION_NAME CLOSE_B
Rule 21    columnlist -> COLUMN_FUNCTION_NAME
Rule 22    columnlist -> COLUMN_FUNCTION_NAME COMMA columnlist

Terminals, with rules where they appear

AND                  : 16
CLOSE_B              : 20
COLUMN_FUNCTION_NAME : 1 1 2 3 4 4 5 6 7 8 9 10 11 20 20 21 22
COMMA                : 22
DIVIDE               : 15
EQUALITY             : 9
FROM_T               : 1 2 3 4 5 6 7 8
GREATER_THAN         : 11
LESS_THAN            : 10
MINUS                : 13
NOT                  : 18
NUMBER               : 19
OPEN_B               : 20
OR                   : 17
PLUS                 : 12
SELECT_T             : 1 2 3 4 5 6 7 8
SEMICOLON            : 1 2 3 4 5 6 7 8
TIMES                : 2 5 14
WHERE_T              : 4 5 6 8
error                : 

Nonterminals, with rules where they appear

SQLselect            : 0
columnlist           : 7 8 22
condition            : 4 5 6 8
expression           : 9 10 11 12 12 13 13 14 14 15 15 16 16 17 17 18
function             : 3 6

Parsing method: LALR

state 0

    (0) S' -> . SQLselect
    (1) SQLselect -> . SELECT_T COLUMN_FUNCTION_NAME FROM_T COLUMN_FUNCTION_NAME SEMICOLON
    (2) SQLselect -> . SELECT_T TIMES FROM_T COLUMN_FUNCTION_NAME SEMICOLON
    (3) SQLselect -> . SELECT_T function FROM_T COLUMN_FUNCTION_NAME SEMICOLON
    (4) SQLselect -> . SELECT_T COLUMN_FUNCTION_NAME FROM_T COLUMN_FUNCTION_NAME WHERE_T condition SEMICOLON
    (5) SQLselect -> . SELECT_T TIMES FROM_T COLUMN_FUNCTION_NAME WHERE_T condition SEMICOLON
    (6) SQLselect -> . SELECT_T function FROM_T COLUMN_FUNCTION_NAME WHERE_T condition SEMICOLON
    (7) SQLselect -> . SELECT_T columnlist FROM_T COLUMN_FUNCTION_NAME SEMICOLON
    (8) SQLselect -> . SELECT_T columnlist FROM_T COLUMN_FUNCTION_NAME WHERE_T condition SEMICOLON

    SELECT_T        shift and go to state 2

    SQLselect                      shift and go to state 1

state 1

    (0) S' -> SQLselect .



state 2

    (1) SQLselect -> SELECT_T . COLUMN_FUNCTION_NAME FROM_T COLUMN_FUNCTION_NAME SEMICOLON
    (2) SQLselect -> SELECT_T . TIMES FROM_T COLUMN_FUNCTION_NAME SEMICOLON
    (3) SQLselect -> SELECT_T . function FROM_T COLUMN_FUNCTION_NAME SEMICOLON
    (4) SQLselect -> SELECT_T . COLUMN_FUNCTION_NAME FROM_T COLUMN_FUNCTION_NAME WHERE_T condition SEMICOLON
    (5) SQLselect -> SELECT_T . TIMES FROM_T COLUMN_FUNCTION_NAME WHERE_T condition SEMICOLON
    (6) SQLselect -> SELECT_T . function FROM_T COLUMN_FUNCTION_NAME WHERE_T condition SEMICOLON
    (7) SQLselect -> SELECT_T . columnlist FROM_T COLUMN_FUNCTION_NAME SEMICOLON
    (8) SQLselect -> SELECT_T . columnlist FROM_T COLUMN_FUNCTION_NAME WHERE_T condition SEMICOLON
    (20) function -> . COLUMN_FUNCTION_NAME OPEN_B COLUMN_FUNCTION_NAME CLOSE_B
    (21) columnlist -> . COLUMN_FUNCTION_NAME
    (22) columnlist -> . COLUMN_FUNCTION_NAME COMMA columnlist

    COLUMN_FUNCTION_NAME shift and go to state 5
    TIMES           shift and go to state 3

    function                       shift and go to state 4
    columnlist                     shift and go to state 6

state 3

    (2) SQLselect -> SELECT_T TIMES . FROM_T COLUMN_FUNCTION_NAME SEMICOLON
    (5) SQLselect -> SELECT_T TIMES . FROM_T COLUMN_FUNCTION_NAME WHERE_T condition SEMICOLON

    FROM_T          shift and go to state 7


state 4

    (3) SQLselect -> SELECT_T function . FROM_T COLUMN_FUNCTION_NAME SEMICOLON
    (6) SQLselect -> SELECT_T function . FROM_T COLUMN_FUNCTION_NAME WHERE_T condition SEMICOLON

    FROM_T          shift and go to state 8


state 5

    (1) SQLselect -> SELECT_T COLUMN_FUNCTION_NAME . FROM_T COLUMN_FUNCTION_NAME SEMICOLON
    (4) SQLselect -> SELECT_T COLUMN_FUNCTION_NAME . FROM_T COLUMN_FUNCTION_NAME WHERE_T condition SEMICOLON
    (20) function -> COLUMN_FUNCTION_NAME . OPEN_B COLUMN_FUNCTION_NAME CLOSE_B
    (21) columnlist -> COLUMN_FUNCTION_NAME .
    (22) columnlist -> COLUMN_FUNCTION_NAME . COMMA columnlist

  ! shift/reduce conflict for FROM_T resolved as shift
    FROM_T          shift and go to state 11
    OPEN_B          shift and go to state 10
    COMMA           shift and go to state 9

  ! FROM_T          [ reduce using rule 21 (columnlist -> COLUMN_FUNCTION_NAME .) ]


state 6

    (7) SQLselect -> SELECT_T columnlist . FROM_T COLUMN_FUNCTION_NAME SEMICOLON
    (8) SQLselect -> SELECT_T columnlist . FROM_T COLUMN_FUNCTION_NAME WHERE_T condition SEMICOLON

    FROM_T          shift and go to state 12


state 7

    (2) SQLselect -> SELECT_T TIMES FROM_T . COLUMN_FUNCTION_NAME SEMICOLON
    (5) SQLselect -> SELECT_T TIMES FROM_T . COLUMN_FUNCTION_NAME WHERE_T condition SEMICOLON

    COLUMN_FUNCTION_NAME shift and go to state 13


state 8

    (3) SQLselect -> SELECT_T function FROM_T . COLUMN_FUNCTION_NAME SEMICOLON
    (6) SQLselect -> SELECT_T function FROM_T . COLUMN_FUNCTION_NAME WHERE_T condition SEMICOLON

    COLUMN_FUNCTION_NAME shift and go to state 14


state 9

    (22) columnlist -> COLUMN_FUNCTION_NAME COMMA . columnlist
    (21) columnlist -> . COLUMN_FUNCTION_NAME
    (22) columnlist -> . COLUMN_FUNCTION_NAME COMMA columnlist

    COLUMN_FUNCTION_NAME shift and go to state 15

    columnlist                     shift and go to state 16

state 10

    (20) function -> COLUMN_FUNCTION_NAME OPEN_B . COLUMN_FUNCTION_NAME CLOSE_B

    COLUMN_FUNCTION_NAME shift and go to state 17


state 11

    (1) SQLselect -> SELECT_T COLUMN_FUNCTION_NAME FROM_T . COLUMN_FUNCTION_NAME SEMICOLON
    (4) SQLselect -> SELECT_T COLUMN_FUNCTION_NAME FROM_T . COLUMN_FUNCTION_NAME WHERE_T condition SEMICOLON

    COLUMN_FUNCTION_NAME shift and go to state 18


state 12

    (7) SQLselect -> SELECT_T columnlist FROM_T . COLUMN_FUNCTION_NAME SEMICOLON
    (8) SQLselect -> SELECT_T columnlist FROM_T . COLUMN_FUNCTION_NAME WHERE_T condition SEMICOLON

    COLUMN_FUNCTION_NAME shift and go to state 19


state 13

    (2) SQLselect -> SELECT_T TIMES FROM_T COLUMN_FUNCTION_NAME . SEMICOLON
    (5) SQLselect -> SELECT_T TIMES FROM_T COLUMN_FUNCTION_NAME . WHERE_T condition SEMICOLON

    SEMICOLON       shift and go to state 20
    WHERE_T         shift and go to state 21


state 14

    (3) SQLselect -> SELECT_T function FROM_T COLUMN_FUNCTION_NAME . SEMICOLON
    (6) SQLselect -> SELECT_T function FROM_T COLUMN_FUNCTION_NAME . WHERE_T condition SEMICOLON

    SEMICOLON       shift and go to state 23
    WHERE_T         shift and go to state 22


state 15

    (21) columnlist -> COLUMN_FUNCTION_NAME .
    (22) columnlist -> COLUMN_FUNCTION_NAME . COMMA columnlist

    FROM_T          reduce using rule 21 (columnlist -> COLUMN_FUNCTION_NAME .)
    COMMA           shift and go to state 9


state 16

    (22) columnlist -> COLUMN_FUNCTION_NAME COMMA columnlist .

    FROM_T          reduce using rule 22 (columnlist -> COLUMN_FUNCTION_NAME COMMA columnlist .)


state 17

    (20) function -> COLUMN_FUNCTION_NAME OPEN_B COLUMN_FUNCTION_NAME . CLOSE_B

    CLOSE_B         shift and go to state 24


state 18

    (1) SQLselect -> SELECT_T COLUMN_FUNCTION_NAME FROM_T COLUMN_FUNCTION_NAME . SEMICOLON
    (4) SQLselect -> SELECT_T COLUMN_FUNCTION_NAME FROM_T COLUMN_FUNCTION_NAME . WHERE_T condition SEMICOLON

    SEMICOLON       shift and go to state 25
    WHERE_T         shift and go to state 26


state 19

    (7) SQLselect -> SELECT_T columnlist FROM_T COLUMN_FUNCTION_NAME . SEMICOLON
    (8) SQLselect -> SELECT_T columnlist FROM_T COLUMN_FUNCTION_NAME . WHERE_T condition SEMICOLON

    SEMICOLON       shift and go to state 27
    WHERE_T         shift and go to state 28


state 20

    (2) SQLselect -> SELECT_T TIMES FROM_T COLUMN_FUNCTION_NAME SEMICOLON .

    $end            reduce using rule 2 (SQLselect -> SELECT_T TIMES FROM_T COLUMN_FUNCTION_NAME SEMICOLON .)


state 21

    (5) SQLselect -> SELECT_T TIMES FROM_T COLUMN_FUNCTION_NAME WHERE_T . condition SEMICOLON
    (9) condition -> . COLUMN_FUNCTION_NAME EQUALITY expression
    (10) condition -> . COLUMN_FUNCTION_NAME LESS_THAN expression
    (11) condition -> . COLUMN_FUNCTION_NAME GREATER_THAN expression

    COLUMN_FUNCTION_NAME shift and go to state 30

    condition                      shift and go to state 29

state 22

    (6) SQLselect -> SELECT_T function FROM_T COLUMN_FUNCTION_NAME WHERE_T . condition SEMICOLON
    (9) condition -> . COLUMN_FUNCTION_NAME EQUALITY expression
    (10) condition -> . COLUMN_FUNCTION_NAME LESS_THAN expression
    (11) condition -> . COLUMN_FUNCTION_NAME GREATER_THAN expression

    COLUMN_FUNCTION_NAME shift and go to state 30

    condition                      shift and go to state 31

state 23

    (3) SQLselect -> SELECT_T function FROM_T COLUMN_FUNCTION_NAME SEMICOLON .

    $end            reduce using rule 3 (SQLselect -> SELECT_T function FROM_T COLUMN_FUNCTION_NAME SEMICOLON .)


state 24

    (20) function -> COLUMN_FUNCTION_NAME OPEN_B COLUMN_FUNCTION_NAME CLOSE_B .

    FROM_T          reduce using rule 20 (function -> COLUMN_FUNCTION_NAME OPEN_B COLUMN_FUNCTION_NAME CLOSE_B .)


state 25

    (1) SQLselect -> SELECT_T COLUMN_FUNCTION_NAME FROM_T COLUMN_FUNCTION_NAME SEMICOLON .

    $end            reduce using rule 1 (SQLselect -> SELECT_T COLUMN_FUNCTION_NAME FROM_T COLUMN_FUNCTION_NAME SEMICOLON .)


state 26

    (4) SQLselect -> SELECT_T COLUMN_FUNCTION_NAME FROM_T COLUMN_FUNCTION_NAME WHERE_T . condition SEMICOLON
    (9) condition -> . COLUMN_FUNCTION_NAME EQUALITY expression
    (10) condition -> . COLUMN_FUNCTION_NAME LESS_THAN expression
    (11) condition -> . COLUMN_FUNCTION_NAME GREATER_THAN expression

    COLUMN_FUNCTION_NAME shift and go to state 30

    condition                      shift and go to state 32

state 27

    (7) SQLselect -> SELECT_T columnlist FROM_T COLUMN_FUNCTION_NAME SEMICOLON .

    $end            reduce using rule 7 (SQLselect -> SELECT_T columnlist FROM_T COLUMN_FUNCTION_NAME SEMICOLON .)


state 28

    (8) SQLselect -> SELECT_T columnlist FROM_T COLUMN_FUNCTION_NAME WHERE_T . condition SEMICOLON
    (9) condition -> . COLUMN_FUNCTION_NAME EQUALITY expression
    (10) condition -> . COLUMN_FUNCTION_NAME LESS_THAN expression
    (11) condition -> . COLUMN_FUNCTION_NAME GREATER_THAN expression

    COLUMN_FUNCTION_NAME shift and go to state 30

    condition                      shift and go to state 33

state 29

    (5) SQLselect -> SELECT_T TIMES FROM_T COLUMN_FUNCTION_NAME WHERE_T condition . SEMICOLON

    SEMICOLON       shift and go to state 34


state 30

    (9) condition -> COLUMN_FUNCTION_NAME . EQUALITY expression
    (10) condition -> COLUMN_FUNCTION_NAME . LESS_THAN expression
    (11) condition -> COLUMN_FUNCTION_NAME . GREATER_THAN expression

    EQUALITY        shift and go to state 35
    LESS_THAN       shift and go to state 37
    GREATER_THAN    shift and go to state 36


state 31

    (6) SQLselect -> SELECT_T function FROM_T COLUMN_FUNCTION_NAME WHERE_T condition . SEMICOLON

    SEMICOLON       shift and go to state 38


state 32

    (4) SQLselect -> SELECT_T COLUMN_FUNCTION_NAME FROM_T COLUMN_FUNCTION_NAME WHERE_T condition . SEMICOLON

    SEMICOLON       shift and go to state 39


state 33

    (8) SQLselect -> SELECT_T columnlist FROM_T COLUMN_FUNCTION_NAME WHERE_T condition . SEMICOLON

    SEMICOLON       shift and go to state 40


state 34

    (5) SQLselect -> SELECT_T TIMES FROM_T COLUMN_FUNCTION_NAME WHERE_T condition SEMICOLON .

    $end            reduce using rule 5 (SQLselect -> SELECT_T TIMES FROM_T COLUMN_FUNCTION_NAME WHERE_T condition SEMICOLON .)


state 35

    (9) condition -> COLUMN_FUNCTION_NAME EQUALITY . expression
    (12) expression -> . expression PLUS expression
    (13) expression -> . expression MINUS expression
    (14) expression -> . expression TIMES expression
    (15) expression -> . expression DIVIDE expression
    (16) expression -> . expression AND expression
    (17) expression -> . expression OR expression
    (18) expression -> . NOT expression
    (19) expression -> . NUMBER

    NOT             shift and go to state 41
    NUMBER          shift and go to state 42

    expression                     shift and go to state 43

state 36

    (11) condition -> COLUMN_FUNCTION_NAME GREATER_THAN . expression
    (12) expression -> . expression PLUS expression
    (13) expression -> . expression MINUS expression
    (14) expression -> . expression TIMES expression
    (15) expression -> . expression DIVIDE expression
    (16) expression -> . expression AND expression
    (17) expression -> . expression OR expression
    (18) expression -> . NOT expression
    (19) expression -> . NUMBER

    NOT             shift and go to state 41
    NUMBER          shift and go to state 42

    expression                     shift and go to state 44

state 37

    (10) condition -> COLUMN_FUNCTION_NAME LESS_THAN . expression
    (12) expression -> . expression PLUS expression
    (13) expression -> . expression MINUS expression
    (14) expression -> . expression TIMES expression
    (15) expression -> . expression DIVIDE expression
    (16) expression -> . expression AND expression
    (17) expression -> . expression OR expression
    (18) expression -> . NOT expression
    (19) expression -> . NUMBER

    NOT             shift and go to state 41
    NUMBER          shift and go to state 42

    expression                     shift and go to state 45

state 38

    (6) SQLselect -> SELECT_T function FROM_T COLUMN_FUNCTION_NAME WHERE_T condition SEMICOLON .

    $end            reduce using rule 6 (SQLselect -> SELECT_T function FROM_T COLUMN_FUNCTION_NAME WHERE_T condition SEMICOLON .)


state 39

    (4) SQLselect -> SELECT_T COLUMN_FUNCTION_NAME FROM_T COLUMN_FUNCTION_NAME WHERE_T condition SEMICOLON .

    $end            reduce using rule 4 (SQLselect -> SELECT_T COLUMN_FUNCTION_NAME FROM_T COLUMN_FUNCTION_NAME WHERE_T condition SEMICOLON .)


state 40

    (8) SQLselect -> SELECT_T columnlist FROM_T COLUMN_FUNCTION_NAME WHERE_T condition SEMICOLON .

    $end            reduce using rule 8 (SQLselect -> SELECT_T columnlist FROM_T COLUMN_FUNCTION_NAME WHERE_T condition SEMICOLON .)


state 41

    (18) expression -> NOT . expression
    (12) expression -> . expression PLUS expression
    (13) expression -> . expression MINUS expression
    (14) expression -> . expression TIMES expression
    (15) expression -> . expression DIVIDE expression
    (16) expression -> . expression AND expression
    (17) expression -> . expression OR expression
    (18) expression -> . NOT expression
    (19) expression -> . NUMBER

    NOT             shift and go to state 41
    NUMBER          shift and go to state 42

    expression                     shift and go to state 46

state 42

    (19) expression -> NUMBER .

    PLUS            reduce using rule 19 (expression -> NUMBER .)
    MINUS           reduce using rule 19 (expression -> NUMBER .)
    TIMES           reduce using rule 19 (expression -> NUMBER .)
    DIVIDE          reduce using rule 19 (expression -> NUMBER .)
    AND             reduce using rule 19 (expression -> NUMBER .)
    OR              reduce using rule 19 (expression -> NUMBER .)
    SEMICOLON       reduce using rule 19 (expression -> NUMBER .)


state 43

    (9) condition -> COLUMN_FUNCTION_NAME EQUALITY expression .
    (12) expression -> expression . PLUS expression
    (13) expression -> expression . MINUS expression
    (14) expression -> expression . TIMES expression
    (15) expression -> expression . DIVIDE expression
    (16) expression -> expression . AND expression
    (17) expression -> expression . OR expression

    SEMICOLON       reduce using rule 9 (condition -> COLUMN_FUNCTION_NAME EQUALITY expression .)
    PLUS            shift and go to state 52
    MINUS           shift and go to state 49
    TIMES           shift and go to state 51
    DIVIDE          shift and go to state 50
    AND             shift and go to state 47
    OR              shift and go to state 48


state 44

    (11) condition -> COLUMN_FUNCTION_NAME GREATER_THAN expression .
    (12) expression -> expression . PLUS expression
    (13) expression -> expression . MINUS expression
    (14) expression -> expression . TIMES expression
    (15) expression -> expression . DIVIDE expression
    (16) expression -> expression . AND expression
    (17) expression -> expression . OR expression

    SEMICOLON       reduce using rule 11 (condition -> COLUMN_FUNCTION_NAME GREATER_THAN expression .)
    PLUS            shift and go to state 52
    MINUS           shift and go to state 49
    TIMES           shift and go to state 51
    DIVIDE          shift and go to state 50
    AND             shift and go to state 47
    OR              shift and go to state 48


state 45

    (10) condition -> COLUMN_FUNCTION_NAME LESS_THAN expression .
    (12) expression -> expression . PLUS expression
    (13) expression -> expression . MINUS expression
    (14) expression -> expression . TIMES expression
    (15) expression -> expression . DIVIDE expression
    (16) expression -> expression . AND expression
    (17) expression -> expression . OR expression

    SEMICOLON       reduce using rule 10 (condition -> COLUMN_FUNCTION_NAME LESS_THAN expression .)
    PLUS            shift and go to state 52
    MINUS           shift and go to state 49
    TIMES           shift and go to state 51
    DIVIDE          shift and go to state 50
    AND             shift and go to state 47
    OR              shift and go to state 48


state 46

    (18) expression -> NOT expression .
    (12) expression -> expression . PLUS expression
    (13) expression -> expression . MINUS expression
    (14) expression -> expression . TIMES expression
    (15) expression -> expression . DIVIDE expression
    (16) expression -> expression . AND expression
    (17) expression -> expression . OR expression

  ! shift/reduce conflict for PLUS resolved as shift
  ! shift/reduce conflict for MINUS resolved as shift
  ! shift/reduce conflict for TIMES resolved as shift
  ! shift/reduce conflict for DIVIDE resolved as shift
  ! shift/reduce conflict for AND resolved as shift
  ! shift/reduce conflict for OR resolved as shift
    SEMICOLON       reduce using rule 18 (expression -> NOT expression .)
    PLUS            shift and go to state 52
    MINUS           shift and go to state 49
    TIMES           shift and go to state 51
    DIVIDE          shift and go to state 50
    AND             shift and go to state 47
    OR              shift and go to state 48

  ! PLUS            [ reduce using rule 18 (expression -> NOT expression .) ]
  ! MINUS           [ reduce using rule 18 (expression -> NOT expression .) ]
  ! TIMES           [ reduce using rule 18 (expression -> NOT expression .) ]
  ! DIVIDE          [ reduce using rule 18 (expression -> NOT expression .) ]
  ! AND             [ reduce using rule 18 (expression -> NOT expression .) ]
  ! OR              [ reduce using rule 18 (expression -> NOT expression .) ]


state 47

    (16) expression -> expression AND . expression
    (12) expression -> . expression PLUS expression
    (13) expression -> . expression MINUS expression
    (14) expression -> . expression TIMES expression
    (15) expression -> . expression DIVIDE expression
    (16) expression -> . expression AND expression
    (17) expression -> . expression OR expression
    (18) expression -> . NOT expression
    (19) expression -> . NUMBER

    NOT             shift and go to state 41
    NUMBER          shift and go to state 42

    expression                     shift and go to state 53

state 48

    (17) expression -> expression OR . expression
    (12) expression -> . expression PLUS expression
    (13) expression -> . expression MINUS expression
    (14) expression -> . expression TIMES expression
    (15) expression -> . expression DIVIDE expression
    (16) expression -> . expression AND expression
    (17) expression -> . expression OR expression
    (18) expression -> . NOT expression
    (19) expression -> . NUMBER

    NOT             shift and go to state 41
    NUMBER          shift and go to state 42

    expression                     shift and go to state 54

state 49

    (13) expression -> expression MINUS . expression
    (12) expression -> . expression PLUS expression
    (13) expression -> . expression MINUS expression
    (14) expression -> . expression TIMES expression
    (15) expression -> . expression DIVIDE expression
    (16) expression -> . expression AND expression
    (17) expression -> . expression OR expression
    (18) expression -> . NOT expression
    (19) expression -> . NUMBER

    NOT             shift and go to state 41
    NUMBER          shift and go to state 42

    expression                     shift and go to state 55

state 50

    (15) expression -> expression DIVIDE . expression
    (12) expression -> . expression PLUS expression
    (13) expression -> . expression MINUS expression
    (14) expression -> . expression TIMES expression
    (15) expression -> . expression DIVIDE expression
    (16) expression -> . expression AND expression
    (17) expression -> . expression OR expression
    (18) expression -> . NOT expression
    (19) expression -> . NUMBER

    NOT             shift and go to state 41
    NUMBER          shift and go to state 42

    expression                     shift and go to state 56

state 51

    (14) expression -> expression TIMES . expression
    (12) expression -> . expression PLUS expression
    (13) expression -> . expression MINUS expression
    (14) expression -> . expression TIMES expression
    (15) expression -> . expression DIVIDE expression
    (16) expression -> . expression AND expression
    (17) expression -> . expression OR expression
    (18) expression -> . NOT expression
    (19) expression -> . NUMBER

    NOT             shift and go to state 41
    NUMBER          shift and go to state 42

    expression                     shift and go to state 57

state 52

    (12) expression -> expression PLUS . expression
    (12) expression -> . expression PLUS expression
    (13) expression -> . expression MINUS expression
    (14) expression -> . expression TIMES expression
    (15) expression -> . expression DIVIDE expression
    (16) expression -> . expression AND expression
    (17) expression -> . expression OR expression
    (18) expression -> . NOT expression
    (19) expression -> . NUMBER

    NOT             shift and go to state 41
    NUMBER          shift and go to state 42

    expression                     shift and go to state 58

state 53

    (16) expression -> expression AND expression .
    (12) expression -> expression . PLUS expression
    (13) expression -> expression . MINUS expression
    (14) expression -> expression . TIMES expression
    (15) expression -> expression . DIVIDE expression
    (16) expression -> expression . AND expression
    (17) expression -> expression . OR expression

  ! shift/reduce conflict for PLUS resolved as shift
  ! shift/reduce conflict for MINUS resolved as shift
  ! shift/reduce conflict for TIMES resolved as shift
  ! shift/reduce conflict for DIVIDE resolved as shift
  ! shift/reduce conflict for AND resolved as shift
  ! shift/reduce conflict for OR resolved as shift
    SEMICOLON       reduce using rule 16 (expression -> expression AND expression .)
    PLUS            shift and go to state 52
    MINUS           shift and go to state 49
    TIMES           shift and go to state 51
    DIVIDE          shift and go to state 50
    AND             shift and go to state 47
    OR              shift and go to state 48

  ! PLUS            [ reduce using rule 16 (expression -> expression AND expression .) ]
  ! MINUS           [ reduce using rule 16 (expression -> expression AND expression .) ]
  ! TIMES           [ reduce using rule 16 (expression -> expression AND expression .) ]
  ! DIVIDE          [ reduce using rule 16 (expression -> expression AND expression .) ]
  ! AND             [ reduce using rule 16 (expression -> expression AND expression .) ]
  ! OR              [ reduce using rule 16 (expression -> expression AND expression .) ]


state 54

    (17) expression -> expression OR expression .
    (12) expression -> expression . PLUS expression
    (13) expression -> expression . MINUS expression
    (14) expression -> expression . TIMES expression
    (15) expression -> expression . DIVIDE expression
    (16) expression -> expression . AND expression
    (17) expression -> expression . OR expression

  ! shift/reduce conflict for PLUS resolved as shift
  ! shift/reduce conflict for MINUS resolved as shift
  ! shift/reduce conflict for TIMES resolved as shift
  ! shift/reduce conflict for DIVIDE resolved as shift
  ! shift/reduce conflict for AND resolved as shift
  ! shift/reduce conflict for OR resolved as shift
    SEMICOLON       reduce using rule 17 (expression -> expression OR expression .)
    PLUS            shift and go to state 52
    MINUS           shift and go to state 49
    TIMES           shift and go to state 51
    DIVIDE          shift and go to state 50
    AND             shift and go to state 47
    OR              shift and go to state 48

  ! PLUS            [ reduce using rule 17 (expression -> expression OR expression .) ]
  ! MINUS           [ reduce using rule 17 (expression -> expression OR expression .) ]
  ! TIMES           [ reduce using rule 17 (expression -> expression OR expression .) ]
  ! DIVIDE          [ reduce using rule 17 (expression -> expression OR expression .) ]
  ! AND             [ reduce using rule 17 (expression -> expression OR expression .) ]
  ! OR              [ reduce using rule 17 (expression -> expression OR expression .) ]


state 55

    (13) expression -> expression MINUS expression .
    (12) expression -> expression . PLUS expression
    (13) expression -> expression . MINUS expression
    (14) expression -> expression . TIMES expression
    (15) expression -> expression . DIVIDE expression
    (16) expression -> expression . AND expression
    (17) expression -> expression . OR expression

  ! shift/reduce conflict for PLUS resolved as shift
  ! shift/reduce conflict for MINUS resolved as shift
  ! shift/reduce conflict for TIMES resolved as shift
  ! shift/reduce conflict for DIVIDE resolved as shift
  ! shift/reduce conflict for AND resolved as shift
  ! shift/reduce conflict for OR resolved as shift
    SEMICOLON       reduce using rule 13 (expression -> expression MINUS expression .)
    PLUS            shift and go to state 52
    MINUS           shift and go to state 49
    TIMES           shift and go to state 51
    DIVIDE          shift and go to state 50
    AND             shift and go to state 47
    OR              shift and go to state 48

  ! PLUS            [ reduce using rule 13 (expression -> expression MINUS expression .) ]
  ! MINUS           [ reduce using rule 13 (expression -> expression MINUS expression .) ]
  ! TIMES           [ reduce using rule 13 (expression -> expression MINUS expression .) ]
  ! DIVIDE          [ reduce using rule 13 (expression -> expression MINUS expression .) ]
  ! AND             [ reduce using rule 13 (expression -> expression MINUS expression .) ]
  ! OR              [ reduce using rule 13 (expression -> expression MINUS expression .) ]


state 56

    (15) expression -> expression DIVIDE expression .
    (12) expression -> expression . PLUS expression
    (13) expression -> expression . MINUS expression
    (14) expression -> expression . TIMES expression
    (15) expression -> expression . DIVIDE expression
    (16) expression -> expression . AND expression
    (17) expression -> expression . OR expression

  ! shift/reduce conflict for PLUS resolved as shift
  ! shift/reduce conflict for MINUS resolved as shift
  ! shift/reduce conflict for TIMES resolved as shift
  ! shift/reduce conflict for DIVIDE resolved as shift
  ! shift/reduce conflict for AND resolved as shift
  ! shift/reduce conflict for OR resolved as shift
    SEMICOLON       reduce using rule 15 (expression -> expression DIVIDE expression .)
    PLUS            shift and go to state 52
    MINUS           shift and go to state 49
    TIMES           shift and go to state 51
    DIVIDE          shift and go to state 50
    AND             shift and go to state 47
    OR              shift and go to state 48

  ! PLUS            [ reduce using rule 15 (expression -> expression DIVIDE expression .) ]
  ! MINUS           [ reduce using rule 15 (expression -> expression DIVIDE expression .) ]
  ! TIMES           [ reduce using rule 15 (expression -> expression DIVIDE expression .) ]
  ! DIVIDE          [ reduce using rule 15 (expression -> expression DIVIDE expression .) ]
  ! AND             [ reduce using rule 15 (expression -> expression DIVIDE expression .) ]
  ! OR              [ reduce using rule 15 (expression -> expression DIVIDE expression .) ]


state 57

    (14) expression -> expression TIMES expression .
    (12) expression -> expression . PLUS expression
    (13) expression -> expression . MINUS expression
    (14) expression -> expression . TIMES expression
    (15) expression -> expression . DIVIDE expression
    (16) expression -> expression . AND expression
    (17) expression -> expression . OR expression

  ! shift/reduce conflict for PLUS resolved as shift
  ! shift/reduce conflict for MINUS resolved as shift
  ! shift/reduce conflict for TIMES resolved as shift
  ! shift/reduce conflict for DIVIDE resolved as shift
  ! shift/reduce conflict for AND resolved as shift
  ! shift/reduce conflict for OR resolved as shift
    SEMICOLON       reduce using rule 14 (expression -> expression TIMES expression .)
    PLUS            shift and go to state 52
    MINUS           shift and go to state 49
    TIMES           shift and go to state 51
    DIVIDE          shift and go to state 50
    AND             shift and go to state 47
    OR              shift and go to state 48

  ! PLUS            [ reduce using rule 14 (expression -> expression TIMES expression .) ]
  ! MINUS           [ reduce using rule 14 (expression -> expression TIMES expression .) ]
  ! TIMES           [ reduce using rule 14 (expression -> expression TIMES expression .) ]
  ! DIVIDE          [ reduce using rule 14 (expression -> expression TIMES expression .) ]
  ! AND             [ reduce using rule 14 (expression -> expression TIMES expression .) ]
  ! OR              [ reduce using rule 14 (expression -> expression TIMES expression .) ]


state 58

    (12) expression -> expression PLUS expression .
    (12) expression -> expression . PLUS expression
    (13) expression -> expression . MINUS expression
    (14) expression -> expression . TIMES expression
    (15) expression -> expression . DIVIDE expression
    (16) expression -> expression . AND expression
    (17) expression -> expression . OR expression

  ! shift/reduce conflict for PLUS resolved as shift
  ! shift/reduce conflict for MINUS resolved as shift
  ! shift/reduce conflict for TIMES resolved as shift
  ! shift/reduce conflict for DIVIDE resolved as shift
  ! shift/reduce conflict for AND resolved as shift
  ! shift/reduce conflict for OR resolved as shift
    SEMICOLON       reduce using rule 12 (expression -> expression PLUS expression .)
    PLUS            shift and go to state 52
    MINUS           shift and go to state 49
    TIMES           shift and go to state 51
    DIVIDE          shift and go to state 50
    AND             shift and go to state 47
    OR              shift and go to state 48

  ! PLUS            [ reduce using rule 12 (expression -> expression PLUS expression .) ]
  ! MINUS           [ reduce using rule 12 (expression -> expression PLUS expression .) ]
  ! TIMES           [ reduce using rule 12 (expression -> expression PLUS expression .) ]
  ! DIVIDE          [ reduce using rule 12 (expression -> expression PLUS expression .) ]
  ! AND             [ reduce using rule 12 (expression -> expression PLUS expression .) ]
  ! OR              [ reduce using rule 12 (expression -> expression PLUS expression .) ]

WARNING: 
WARNING: Conflicts:
WARNING: 
WARNING: shift/reduce conflict for FROM_T in state 5 resolved as shift
WARNING: shift/reduce conflict for PLUS in state 46 resolved as shift
WARNING: shift/reduce conflict for MINUS in state 46 resolved as shift
WARNING: shift/reduce conflict for TIMES in state 46 resolved as shift
WARNING: shift/reduce conflict for DIVIDE in state 46 resolved as shift
WARNING: shift/reduce conflict for AND in state 46 resolved as shift
WARNING: shift/reduce conflict for OR in state 46 resolved as shift
WARNING: shift/reduce conflict for PLUS in state 53 resolved as shift
WARNING: shift/reduce conflict for MINUS in state 53 resolved as shift
WARNING: shift/reduce conflict for TIMES in state 53 resolved as shift
WARNING: shift/reduce conflict for DIVIDE in state 53 resolved as shift
WARNING: shift/reduce conflict for AND in state 53 resolved as shift
WARNING: shift/reduce conflict for OR in state 53 resolved as shift
WARNING: shift/reduce conflict for PLUS in state 54 resolved as shift
WARNING: shift/reduce conflict for MINUS in state 54 resolved as shift
WARNING: shift/reduce conflict for TIMES in state 54 resolved as shift
WARNING: shift/reduce conflict for DIVIDE in state 54 resolved as shift
WARNING: shift/reduce conflict for AND in state 54 resolved as shift
WARNING: shift/reduce conflict for OR in state 54 resolved as shift
WARNING: shift/reduce conflict for PLUS in state 55 resolved as shift
WARNING: shift/reduce conflict for MINUS in state 55 resolved as shift
WARNING: shift/reduce conflict for TIMES in state 55 resolved as shift
WARNING: shift/reduce conflict for DIVIDE in state 55 resolved as shift
WARNING: shift/reduce conflict for AND in state 55 resolved as shift
WARNING: shift/reduce conflict for OR in state 55 resolved as shift
WARNING: shift/reduce conflict for PLUS in state 56 resolved as shift
WARNING: shift/reduce conflict for MINUS in state 56 resolved as shift
WARNING: shift/reduce conflict for TIMES in state 56 resolved as shift
WARNING: shift/reduce conflict for DIVIDE in state 56 resolved as shift
WARNING: shift/reduce conflict for AND in state 56 resolved as shift
WARNING: shift/reduce conflict for OR in state 56 resolved as shift
WARNING: shift/reduce conflict for PLUS in state 57 resolved as shift
WARNING: shift/reduce conflict for MINUS in state 57 resolved as shift
WARNING: shift/reduce conflict for TIMES in state 57 resolved as shift
WARNING: shift/reduce conflict for DIVIDE in state 57 resolved as shift
WARNING: shift/reduce conflict for AND in state 57 resolved as shift
WARNING: shift/reduce conflict for OR in state 57 resolved as shift
WARNING: shift/reduce conflict for PLUS in state 58 resolved as shift
WARNING: shift/reduce conflict for MINUS in state 58 resolved as shift
WARNING: shift/reduce conflict for TIMES in state 58 resolved as shift
WARNING: shift/reduce conflict for DIVIDE in state 58 resolved as shift
WARNING: shift/reduce conflict for AND in state 58 resolved as shift
WARNING: shift/reduce conflict for OR in state 58 resolved as shift
